A=rsync-3.0.8.tar.gz
